Traceback (most recent call last):
  File "C:\Users\Hp\anaconda3\envs\dengue\Lib\site-packages\jupyter_core\utils\__init__.py", line 154, in wrapped
    asyncio.get_running_loop()
RuntimeError: no running event loop

During handling of the above exception, another exception occurred:

Traceback (most recent call last):
  File "C:\Users\Hp\anaconda3\envs\dengue\Lib\site-packages\jupyter_cache\executors\utils.py", line 58, in single_nb_execution
    executenb(
  File "C:\Users\Hp\anaconda3\envs\dengue\Lib\site-packages\nbclient\client.py", line 1319, in execute
    return NotebookClient(nb=nb, resources=resources, km=km, **kwargs).execute()
           ^^^^^^^^^^^^^^^^^^^^^^^^^^^^^^^^^^^^^^^^^^^^^^^^^^^^^^^^^^^^^^^^^^^^^
  File "C:\Users\Hp\anaconda3\envs\dengue\Lib\site-packages\jupyter_core\utils\__init__.py", line 158, in wrapped
    return loop.run_until_complete(inner)
           ^^^^^^^^^^^^^^^^^^^^^^^^^^^^^^
  File "C:\Users\Hp\anaconda3\envs\dengue\Lib\asyncio\base_events.py", line 691, in run_until_complete
    return future.result()
           ^^^^^^^^^^^^^^^
  File "C:\Users\Hp\anaconda3\envs\dengue\Lib\site-packages\nbclient\client.py", line 709, in async_execute
    await self.async_execute_cell(
  File "C:\Users\Hp\anaconda3\envs\dengue\Lib\site-packages\nbclient\client.py", line 1062, in async_execute_cell
    await self._check_raise_for_error(cell, cell_index, exec_reply)
  File "C:\Users\Hp\anaconda3\envs\dengue\Lib\site-packages\nbclient\client.py", line 918, in _check_raise_for_error
    raise CellExecutionError.from_cell_and_msg(cell, exec_reply_content)
nbclient.exceptions.CellExecutionError: An error occurred while executing the following cell:
------------------
rem_clasico = pd.read_csv(r"C:\Users\Hp\DENGUE\DATOS\REM_Clasico_Atlantico.csv", encoding='latin_1', low_memory=False)
rem_grave = pd.read_csv(r"C:\Users\Hp\DENGUE\DATOS\REM_Grave_Atlantico.csv", encoding='latin_1', low_memory=False)
shp = gpd.read_file(r"C:\Users\Hp\DENGUE\DATOS\atlantico_municipios.shp", encoding='utf_8')

------------------


[31m---------------------------------------------------------------------------[39m
[31mNameError[39m                                 Traceback (most recent call last)
[36mCell[39m[36m [39m[32mIn[2][39m[32m, line 1[39m
[32m----> [39m[32m1[39m rem_clasico = pd.read_csv([33mr[39m[33m"[39m[33mC:[39m[33m\[39m[33mUsers[39m[33m\[39m[33mHp[39m[33m\[39m[33mDENGUE[39m[33m\[39m[33mDATOS[39m[33m\[39m[33mREM_Clasico_Atlantico.csv[39m[33m"[39m, encoding=[33m'[39m[33mlatin_1[39m[33m'[39m, low_memory=[38;5;28;01mFalse[39;00m)
[32m      2[39m rem_grave = pd.read_csv([33mr[39m[33m"[39m[33mC:[39m[33m\[39m[33mUsers[39m[33m\[39m[33mHp[39m[33m\[39m[33mDENGUE[39m[33m\[39m[33mDATOS[39m[33m\[39m[33mREM_Grave_Atlantico.csv[39m[33m"[39m, encoding=[33m'[39m[33mlatin_1[39m[33m'[39m, low_memory=[38;5;28;01mFalse[39;00m)
[32m      3[39m shp = gpd.read_file([33mr[39m[33m"[39m[33mC:[39m[33m\[39m[33mUsers[39m[33m\[39m[33mHp[39m[33m\[39m[33mDENGUE[39m[33m\[39m[33mDATOS[39m[33m\[39m[33matlantico_municipios.shp[39m[33m"[39m, encoding=[33m'[39m[33mutf_8[39m[33m'[39m)

[31mNameError[39m: name 'pd' is not defined

